// Jest Snapshot v1, https://goo.gl/fbAQLP

exports[`ADMIN: Products Grid renders loading animation at start 1`] = `
<div
  className="row adminProductGrid mt-4"
/>
`;
