// Jest Snapshot v1, https://goo.gl/fbAQLP

exports[`Confirmation Password Modal Renders correctly 1`] = `
<button
  className="RegisterButtonModal btn btn-primary"
  disabled={false}
  onClick={[Function]}
  type="button"
>
  Register
</button>
`;
