// Jest Snapshot v1, https://goo.gl/fbAQLP

exports[`Confirmation Modal renders properly when show=true 1`] = `
<Bootstrap(Modal)
  onHide={[Function]}
  show={true}
>
  <ModalHeader
    className="confirmationModalHeader"
    closeButton={true}
    closeLabel="Close"
  >
    <ModalTitle>
      Test Render
    </ModalTitle>
  </ModalHeader>
  <ModalBody>
    Test Message
  </ModalBody>
  <ModalFooter
    className="confirmationModalFooter"
  >
    <Button
      active={false}
      className="confirmationNegativeButton"
      disabled={false}
      onClick={[Function]}
      type="button"
      variant="light"
    >
      Decline
    </Button>
    <Button
      active={false}
      className="confirmationAffirmativeButton"
      disabled={false}
      onClick={[Function]}
      type="button"
      variant="light"
    >
      Accept
    </Button>
  </ModalFooter>
</Bootstrap(Modal)>
`;
